FAIL: expected success
error: checkout regression
